
> highphaus-website@0.1.0 build
> next build

Γû▓ Next.js 16.2.1 (Turbopack)

  Creating an optimized production build ...
node.exe : 
At line:1 char:1
+ & "C:\Program 
Files\nodejs/node.exe" 
"C:\Program 
Files\nodejs/node_mo ...
+ ~~~~~~~~~~~~~~~~~~~~~~~~~
~~~~~~~~~~~~~~~~~~~~~~~~~~~
~~~~~~~~~~~~~~~~~
    + CategoryInfo         
     : NotSpecified: (:St  
  ring) [], RemoteExcept   
 ion
    + FullyQualifiedErrorI 
   d : NativeCommandError
 
> Build error occurred
Error: Turbopack build 
failed with 3 errors:
./src/components/About.tsx:
91:31
Unexpected token. Did you 
mean `{'>'}` or `&gt;`?
  [90m89 |[0m            
     className=[32m"btn-pr
imary !bg-hp-maroon 
!text-hp-white 
hover:!bg-hp-black 
hov...[0m
  [90m90 |[0m            
   >
[31m[1m>[0m [90m91 
|[0m                 
[33mWork[0m 
[33mWith[0m [33mUs[0m 
->
  [90m   |[0m            
                   
[31m[1m^[0m
  [90m92 |[0m            
   </a>
  [90m93 |[0m            
 </motion.div>
  [90m94 |[0m           
</div>

Parsing ecmascript source 
code failed

Import traces:
  Client Component Browser:
    
./src/components/About.tsx 
[Client Component Browser]
    ./src/app/page.tsx 
[Client Component Browser]
    ./src/app/page.tsx 
[Server Component]

  Client Component SSR:
    
./src/components/About.tsx 
[Client Component SSR]
    ./src/app/page.tsx 
[Client Component SSR]
    ./src/app/page.tsx 
[Server Component]


./src/components/Services.t
sx:113:37
Unexpected token. Did you 
mean `{'>'}` or `&gt;`?
  [90m111 |[0m           
              className=[3
2m"inline-flex 
items-center gap-3 
rounded-full border 
bor...[0m
  [90m112 |[0m           
            >
[31m[1m>[0m [90m113 
|[0m                      
   [33mLearn[0m 
[33mMore[0m ->
  [90m    |[0m           
                          
[31m[1m^[0m
  [90m114 |[0m           
            </a>
  [90m115 |[0m           
          </div>
  [90m116 |[0m           
        </motion.div>

Parsing ecmascript source 
code failed

Import traces:
  Client Component Browser:
    ./src/components/Servic
es.tsx [Client Component 
Browser]
    ./src/app/page.tsx 
[Client Component Browser]
    ./src/app/page.tsx 
[Server Component]

  Client Component SSR:
    ./src/components/Servic
es.tsx [Client Component 
SSR]
    ./src/app/page.tsx 
[Client Component SSR]
    ./src/app/page.tsx 
[Server Component]


./src/components/Services.t
sx:191:39
Unexpected token. Did you 
mean `{'>'}` or `&gt;`?
  [90m189 |[0m           
            
<[33mMagnetic[0m>
  [90m190 |[0m           
              <a 
href=[32m"#contact"[0m cl
assName=[32m"btn-primary 
!py-3.5 !px-10 
shadow-[...[0m
[31m[1m>[0m [90m191 
|[0m                      
     [33mLearn[0m 
[33mMore[0m ->
  [90m    |[0m           
                           
 [31m[1m^[0m
  [90m192 |[0m           
              </a>
  [90m193 |[0m           
            
</[33mMagnetic[0m>
  [90m194 |[0m           
          </motion.div>

Parsing ecmascript source 
code failed

Import traces:
  Client Component Browser:
    ./src/components/Servic
es.tsx [Client Component 
Browser]
    ./src/app/page.tsx 
[Client Component Browser]
    ./src/app/page.tsx 
[Server Component]

  Client Component SSR:
    ./src/components/Servic
es.tsx [Client Component 
SSR]
    ./src/app/page.tsx 
[Client Component SSR]
    ./src/app/page.tsx 
[Server Component]


    at <unknown> (./src/com
ponents/About.tsx:91:31)
    at <unknown> (./src/com
ponents/Services.tsx:113:37
)
    at <unknown> (./src/com
ponents/Services.tsx:191:39
)
